
> ims@0.0.0 test
> ng test --watch=false --browsers=ChromeHeadless

node.exe : - Generating browser application bundles (phase: setup)...
At line:1 char:1
+ & "C:\nvm4w\nodejs/node.exe" "C:\nvm4w\nodejs/node_modules/npm/bin/np ...
+ ~~~~~~~~~~~~~~~~~~~~~~~~~~~~~~~~~~~~~~~~~~~~~~~~~~~~~~~~~~~~~~~~~~~~~
    + CategoryInfo          : NotSpecified: (- Generating br...hase: setup)...:String) [], RemoteException
    + FullyQualifiedErrorId : NativeCommandError
 
√ Browser application bundle generation complete.
[32m11 04 2026 12:52:14.386:INFO [karma-server]: [39mKarma v6.4.4 server started at http://localhost:9876/
[32m11 04 2026 12:52:14.399:INFO [launcher]: [39mLaunching browsers ChromeHeadless with concurrency unlimited
[32m11 04 2026 12:52:14.406:INFO [launcher]: [39mStarting browser ChromeHeadless
[32m11 04 2026 12:52:15.900:INFO [Chrome Headless 146.0.0.0 (Windows 10)]: [39mConnected on socket aFzIXUISPsFAAyFNAAAB with id 39100690
Chrome Headless 146.0.0.0 (Windows 10): Executed 0 of 24[32m SUCCESS[39m (0 secs / 0 secs)
[1A[2K[31mChrome Headless 146.0.0.0 (Windows 10) SalesOrderComponent should create FAILED[39m
	NullInjectorError: R3InjectorError(Standalone[SalesOrderComponent])[ToastrService -> ToastrService -> InjectionToken ToastConfig -> InjectionToken ToastConfig]: 
	  NullInjectorError: No provider for InjectionToken ToastConfig!
	error properties: Object({ ngTempTokenPath: null, ngTokenPath: [ 'ToastrService', 'ToastrService', 'InjectionToken ToastConfig', 'InjectionToken ToastConfig' ] })
	    at NullInjector.get (node_modules/@angular/core/fesm2022/core.mjs:1671:27)
	    at R3Injector.get (node_modules/@angular/core/fesm2022/core.mjs:2195:33)
	    at R3Injector.get (node_modules/@angular/core/fesm2022/core.mjs:2195:33)
	    at injectInjectorOnly (node_modules/@angular/core/fesm2022/core.mjs:1111:40)
	    at Module.ɵɵinject (node_modules/@angular/core/fesm2022/core.mjs:1117:60)
	    at Object.factory (node_modules/ngx-toastr/fesm2022/ngx-toastr.mjs:16:96)
	    at callback (node_modules/@angular/core/fesm2022/core.mjs:2318:47)
	    at runInInjectorProfilerContext (node_modules/@angular/core/fesm2022/core.mjs:876:9)
	    at R3Injector.hydrate (node_modules/@angular/core/fesm2022/core.mjs:2317:21)
	    at R3Injector.get (node_modules/@angular/core/fesm2022/core.mjs:2185:33)
Chrome Headless 146.0.0.0 (Windows 10): Executed 1 of 24[31m (1 FAILED)[39m (0 secs / 0.164 secs)
[1A[2K[31mChrome Headless 146.0.0.0 (Windows 10) VendorsComponent should create FAILED[39m
	Error: NG05105: Unexpected synthetic property @slideInLeftOnEnter found. Please make sure that:
	  - Either `BrowserAnimationsModule` or `NoopAnimationsModule` are imported in your application.
	  - There is corresponding configuration for the animation named `@slideInLeftOnEnter` defined in the `animations` field of the `@Component` decorator (see https://angular.io/api/core/Component#animations).
	error properties: Object({ code: 5105 })
	    at checkNoSyntheticProp (node_modules/@angular/platform-browser/fesm2022/platform-browser.mjs:744:15)
	    at EmulatedEncapsulationDomRenderer2.setProperty (node_modules/@angular/platform-browser/fesm2022/platform-browser.mjs:697:13)
	    at elementPropertyInternal (node_modules/@angular/core/fesm2022/core.mjs:13631:18)
	    at ɵɵproperty (node_modules/@angular/core/fesm2022/core.mjs:25857:9)
	    at templateFn (ng:///VendorsComponent.js:463:9)
	    at executeTemplate (node_modules/@angular/core/fesm2022/core.mjs:13183:9)
	    at refreshView (node_modules/@angular/core/fesm2022/core.mjs:14835:13)
	    at detectChangesInView (node_modules/@angular/core/fesm2022/core.mjs:15052:9)
	    at detectChangesInViewIfAttached (node_modules/@angular/core/fesm2022/core.mjs:15012:5)
	    at detectChangesInComponent (node_modules/@angular/core/fesm2022/core.mjs:15001:5)
Chrome Headless 146.0.0.0 (Windows 10): Executed 2 of 24[31m (2 FAILED)[39m (0 secs / 0.238 secs)
[1A[2K[31mChrome Headless 146.0.0.0 (Windows 10) PurchaseOrderComponent should create FAILED[39m
	NullInjectorError: R3InjectorError(Standalone[PurchaseOrderComponent])[ToastrService -> ToastrService -> InjectionToken ToastConfig -> InjectionToken ToastConfig]: 
	  NullInjectorError: No provider for InjectionToken ToastConfig!
	error properties: Object({ ngTempTokenPath: null, ngTokenPath: [ 'ToastrService', 'ToastrService', 'InjectionToken ToastConfig', 'InjectionToken ToastConfig' ] })
	    at NullInjector.get (node_modules/@angular/core/fesm2022/core.mjs:1671:27)
	    at R3Injector.get (node_modules/@angular/core/fesm2022/core.mjs:2195:33)
	    at R3Injector.get (node_modules/@angular/core/fesm2022/core.mjs:2195:33)
	    at injectInjectorOnly (node_modules/@angular/core/fesm2022/core.mjs:1111:40)
	    at Module.ɵɵinject (node_modules/@angular/core/fesm2022/core.mjs:1117:60)
	    at Object.factory (node_modules/ngx-toastr/fesm2022/ngx-toastr.mjs:16:96)
	    at callback (node_modules/@angular/core/fesm2022/core.mjs:2318:47)
	    at runInInjectorProfilerContext (node_modules/@angular/core/fesm2022/core.mjs:876:9)
	    at R3Injector.hydrate (node_modules/@angular/core/fesm2022/core.mjs:2317:21)
	    at R3Injector.get (node_modules/@angular/core/fesm2022/core.mjs:2185:33)
Chrome Headless 146.0.0.0 (Windows 10): Executed 3 of 24[31m (3 FAILED)[39m (0 secs / 0.283 secs)
[1A[2K[31mChrome Headless 146.0.0.0 (Windows 10) ReportComponent should create FAILED[39m
	Error: NG05105: Unexpected synthetic property @slideInLeftOnEnter found. Please make sure that:
	  - Either `BrowserAnimationsModule` or `NoopAnimationsModule` are imported in your application.
	  - There is corresponding configuration for the animation named `@slideInLeftOnEnter` defined in the `animations` field of the `@Component` decorator (see https://angular.io/api/core/Component#animations).
	error properties: Object({ code: 5105 })
	    at checkNoSyntheticProp (node_modules/@angular/platform-browser/fesm2022/platform-browser.mjs:744:15)
	    at EmulatedEncapsulationDomRenderer2.setProperty (node_modules/@angular/platform-browser/fesm2022/platform-browser.mjs:697:13)
	    at elementPropertyInternal (node_modules/@angular/core/fesm2022/core.mjs:13631:18)
	    at ɵɵproperty (node_modules/@angular/core/fesm2022/core.mjs:25857:9)
	    at templateFn (ng:///ReportComponent.js:518:9)
	    at executeTemplate (node_modules/@angular/core/fesm2022/core.mjs:13183:9)
	    at refreshView (node_modules/@angular/core/fesm2022/core.mjs:14835:13)
	    at detectChangesInView (node_modules/@angular/core/fesm2022/core.mjs:15052:9)
	    at detectChangesInViewIfAttached (node_modules/@angular/core/fesm2022/core.mjs:15012:5)
	    at detectChangesInComponent (node_modules/@angular/core/fesm2022/core.mjs:15001:5)
Chrome Headless 146.0.0.0 (Windows 10): Executed 4 of 24[31m (4 FAILED)[39m (0 secs / 0.325 secs)
[1A[2K[31mChrome Headless 146.0.0.0 (Windows 10) InventoryComponent should create FAILED[39m
	Error: NG05105: Unexpected synthetic property @slideInLeftOnEnter found. Please make sure that:
	  - Either `BrowserAnimationsModule` or `NoopAnimationsModule` are imported in your application.
	  - There is corresponding configuration for the animation named `@slideInLeftOnEnter` defined in the `animations` field of the `@Component` decorator (see https://angular.io/api/core/Component#animations).
	error properties: Object({ code: 5105 })
	    at checkNoSyntheticProp (node_modules/@angular/platform-browser/fesm2022/platform-browser.mjs:744:15)
	    at EmulatedEncapsulationDomRenderer2.setProperty (node_modules/@angular/platform-browser/fesm2022/platform-browser.mjs:697:13)
	    at elementPropertyInternal (node_modules/@angular/core/fesm2022/core.mjs:13631:18)
	    at ɵɵproperty (node_modules/@angular/core/fesm2022/core.mjs:25857:9)
	    at templateFn (ng:///InventoryComponent.js:618:9)
	    at executeTemplate (node_modules/@angular/core/fesm2022/core.mjs:13183:9)
	    at refreshView (node_modules/@angular/core/fesm2022/core.mjs:14835:13)
	    at detectChangesInView (node_modules/@angular/core/fesm2022/core.mjs:15052:9)
	    at detectChangesInViewIfAttached (node_modules/@angular/core/fesm2022/core.mjs:15012:5)
	    at detectChangesInComponent (node_modules/@angular/core/fesm2022/core.mjs:15001:5)
Chrome Headless 146.0.0.0 (Windows 10): Executed 5 of 24[31m (5 FAILED)[39m (0 secs / 0.368 secs)
[1A[2K[31mChrome Headless 146.0.0.0 (Windows 10) CustomersComponent should create FAILED[39m
	Error: NG05105: Unexpected synthetic property @slideInLeftOnEnter found. Please make sure that:
	  - Either `BrowserAnimationsModule` or `NoopAnimationsModule` are imported in your application.
	  - There is corresponding configuration for the animation named `@slideInLeftOnEnter` defined in the `animations` field of the `@Component` decorator (see https://angular.io/api/core/Component#animations).
	error properties: Object({ code: 5105 })
	    at checkNoSyntheticProp (node_modules/@angular/platform-browser/fesm2022/platform-browser.mjs:744:15)
	    at EmulatedEncapsulationDomRenderer2.setProperty (node_modules/@angular/platform-browser/fesm2022/platform-browser.mjs:697:13)
	    at elementPropertyInternal (node_modules/@angular/core/fesm2022/core.mjs:13631:18)
	    at ɵɵproperty (node_modules/@angular/core/fesm2022/core.mjs:25857:9)
	    at templateFn (ng:///CustomersComponent.js:453:9)
	    at executeTemplate (node_modules/@angular/core/fesm2022/core.mjs:13183:9)
	    at refreshView (node_modules/@angular/core/fesm2022/core.mjs:14835:13)
	    at detectChangesInView (node_modules/@angular/core/fesm2022/core.mjs:15052:9)
	    at detectChangesInViewIfAttached (node_modules/@angular/core/fesm2022/core.mjs:15012:5)
	    at detectChangesInComponent (node_modules/@angular/core/fesm2022/core.mjs:15001:5)
Chrome Headless 146.0.0.0 (Windows 10): Executed 6 of 24[31m (6 FAILED)[39m (0 secs / 0.399 secs)
[1A[2K[31mChrome Headless 146.0.0.0 (Windows 10) DashboardComponent should create FAILED[39m
	NullInjectorError: R3InjectorError(Standalone[DashboardComponent])[AuthService -> AuthService -> HttpserviceService -> HttpClient -> HttpClient]: 
	  NullInjectorError: No provider for HttpClient!
	error properties: Object({ ngTempTokenPath: null, ngTokenPath: [ 'AuthService', 'AuthService', 'HttpserviceService', 'HttpClient', 'HttpClient' ] })
	    at NullInjector.get (node_modules/@angular/core/fesm2022/core.mjs:1671:27)
	    at R3Injector.get (node_modules/@angular/core/fesm2022/core.mjs:2195:33)
	    at R3Injector.get (node_modules/@angular/core/fesm2022/core.mjs:2195:33)
	    at injectInjectorOnly (node_modules/@angular/core/fesm2022/core.mjs:1111:40)
	    at ɵɵinject (node_modules/@angular/core/fesm2022/core.mjs:1117:60)
	    at Object.factory (ng:///HttpserviceService/ɵfac.js:4:62)
	    at callback (node_modules/@angular/core/fesm2022/core.mjs:2318:47)
	    at runInInjectorProfilerContext (node_modules/@angular/core/fesm2022/core.mjs:876:9)
	    at R3Injector.hydrate (node_modules/@angular/core/fesm2022/core.mjs:2317:21)
	    at R3Injector.get (node_modules/@angular/core/fesm2022/core.mjs:2185:33)
Chrome Headless 146.0.0.0 (Windows 10): Executed 7 of 24[31m (7 FAILED)[39m (0 secs / 0.429 secs)
[1A[2KChrome Headless 146.0.0.0 (Windows 10): Executed 8 of 24[31m (7 FAILED)[39m (0 secs / 0.43 secs)
[1A[2K[31mChrome Headless 146.0.0.0 (Windows 10) PageNotFoundComponent should create FAILED[39m
	NullInjectorError: R3InjectorError(Standalone[PageNotFoundComponent])[ActivatedRoute -> ActivatedRoute -> ActivatedRoute]: 
	  NullInjectorError: No provider for ActivatedRoute!
	error properties: Object({ ngTempTokenPath: null, ngTokenPath: [ 'ActivatedRoute', 'ActivatedRoute', 'ActivatedRoute' ] })
	    at NullInjector.get (node_modules/@angular/core/fesm2022/core.mjs:1671:27)
	    at R3Injector.get (node_modules/@angular/core/fesm2022/core.mjs:2195:33)
	    at R3Injector.get (node_modules/@angular/core/fesm2022/core.mjs:2195:33)
	    at R3Injector.get (node_modules/@angular/core/fesm2022/core.mjs:2195:33)
	    at ChainedInjector.get (node_modules/@angular/core/fesm2022/core.mjs:4820:36)
	    at lookupTokenUsingModuleInjector (node_modules/@angular/core/fesm2022/core.mjs:5173:39)
	    at getOrCreateInjectable (node_modules/@angular/core/fesm2022/core.mjs:5221:12)
	    at Module.ɵɵdirectiveInject (node_modules/@angular/core/fesm2022/core.mjs:12956:19)
	    at NodeInjectorFactory.factory (node_modules/@angular/router/fesm2022/router.mjs:436:96)
	    at getNodeInjectable (node_modules/@angular/core/fesm2022/core.mjs:5433:44)
Chrome Headless 146.0.0.0 (Windows 10): Executed 9 of 24[31m (8 FAILED)[39m (0 secs / 0.436 secs)
[1A[2K[31mChrome Headless 146.0.0.0 (Windows 10) LoginComponent should create FAILED[39m
	NullInjectorError: R3InjectorError(Standalone[LoginComponent])[ToastrService -> ToastrService -> InjectionToken ToastConfig -> InjectionToken ToastConfig]: 
	  NullInjectorError: No provider for InjectionToken ToastConfig!
	error properties: Object({ ngTempTokenPath: null, ngTokenPath: [ 'ToastrService', 'ToastrService', 'InjectionToken ToastConfig', 'InjectionToken ToastConfig' ] })
	    at NullInjector.get (node_modules/@angular/core/fesm2022/core.mjs:1671:27)
	    at R3Injector.get (node_modules/@angular/core/fesm2022/core.mjs:2195:33)
	    at R3Injector.get (node_modules/@angular/core/fesm2022/core.mjs:2195:33)
	    at injectInjectorOnly (node_modules/@angular/core/fesm2022/core.mjs:1111:40)
	    at Module.ɵɵinject (node_modules/@angular/core/fesm2022/core.mjs:1117:60)
	    at Object.factory (node_modules/ngx-toastr/fesm2022/ngx-toastr.mjs:16:96)
	    at callback (node_modules/@angular/core/fesm2022/core.mjs:2318:47)
	    at runInInjectorProfilerContext (node_modules/@angular/core/fesm2022/core.mjs:876:9)
	    at R3Injector.hydrate (node_modules/@angular/core/fesm2022/core.mjs:2317:21)
	    at R3Injector.get (node_modules/@angular/core/fesm2022/core.mjs:2185:33)
Chrome Headless 146.0.0.0 (Windows 10): Executed 10 of 24[31m (9 FAILED)[39m (0 secs / 0.45 secs)
[1A[2KChrome Headless 146.0.0.0 (Windows 10): Executed 11 of 24[31m (9 FAILED)[39m (0 secs / 0.452 secs)
[1A[2KChrome Headless 146.0.0.0 (Windows 10): Executed 12 of 24[31m (9 FAILED)[39m (0 secs / 0.453 secs)
[1A[2KChrome Headless 146.0.0.0 (Windows 10): Executed 13 of 24[31m (9 FAILED)[39m (0 secs / 0.455 secs)
[1A[2KChrome Headless 146.0.0.0 (Windows 10): Executed 14 of 24[31m (9 FAILED)[39m (0 secs / 0.458 secs)
[1A[2KChrome Headless 146.0.0.0 (Windows 10): Executed 15 of 24[31m (9 FAILED)[39m (0 secs / 0.459 secs)
[1A[2KChrome Headless 146.0.0.0 (Windows 10): Executed 16 of 24[31m (9 FAILED)[39m (0 secs / 0.461 secs)
[1A[2KChrome Headless 146.0.0.0 (Windows 10): Executed 17 of 24[31m (9 FAILED)[39m (0 secs / 0.463 secs)
[1A[2KChrome Headless 146.0.0.0 (Windows 10): Executed 18 of 24[31m (9 FAILED)[39m (0 secs / 0.464 secs)
[1A[2K[31mChrome Headless 146.0.0.0 (Windows 10) AppComponent should render title FAILED[39m
	Expected undefined to contain 'Hello, IMS'.
	    at <Jasmine>
	    at UserContext.apply (src/app/app.component.spec.ts:27:55)
	    at _ZoneDelegate.invoke (node_modules/zone.js/fesm2015/zone.js:369:28)
	    at ProxyZoneSpec.onInvoke (node_modules/zone.js/fesm2015/zone-testing.js:2082:39)
	    at _ZoneDelegate.invoke (node_modules/zone.js/fesm2015/zone.js:368:34)
Chrome Headless 146.0.0.0 (Windows 10): Executed 19 of 24[31m (10 FAILED)[39m (0 secs / 0.47 secs)
[1A[2KChrome Headless 146.0.0.0 (Windows 10): Executed 20 of 24[31m (10 FAILED)[39m (0 secs / 0.473 secs)
[1A[2KChrome Headless 146.0.0.0 (Windows 10): Executed 21 of 24[31m (10 FAILED)[39m (0 secs / 0.475 secs)
[1A[2KChrome Headless 146.0.0.0 (Windows 10): Executed 22 of 24[31m (10 FAILED)[39m (0 secs / 0.478 secs)
[1A[2KChrome Headless 146.0.0.0 (Windows 10): Executed 23 of 24[31m (10 FAILED)[39m (0 secs / 0.481 secs)
[1A[2K[31mChrome Headless 146.0.0.0 (Windows 10) HttpserviceService should be created FAILED[39m
	NullInjectorError: R3InjectorError(DynamicTestModule)[HttpserviceService -> HttpClient -> HttpClient]: 
	  NullInjectorError: No provider for HttpClient!
	error properties: Object({ ngTempTokenPath: null, ngTokenPath: [ 'HttpserviceService', 'HttpClient', 'HttpClient' ] })
	    at NullInjector.get (node_modules/@angular/core/fesm2022/core.mjs:1671:27)
	    at R3Injector.get (node_modules/@angular/core/fesm2022/core.mjs:2195:33)
	    at R3Injector.get (node_modules/@angular/core/fesm2022/core.mjs:2195:33)
	    at injectInjectorOnly (node_modules/@angular/core/fesm2022/core.mjs:1111:40)
	    at ɵɵinject (node_modules/@angular/core/fesm2022/core.mjs:1117:60)
	    at Object.factory (ng:///HttpserviceService/ɵfac.js:4:62)
	    at callback (node_modules/@angular/core/fesm2022/core.mjs:2318:47)
	    at runInInjectorProfilerContext (node_modules/@angular/core/fesm2022/core.mjs:876:9)
	    at R3Injector.hydrate (node_modules/@angular/core/fesm2022/core.mjs:2317:21)
	    at R3Injector.get (node_modules/@angular/core/fesm2022/core.mjs:2185:33)
Chrome Headless 146.0.0.0 (Windows 10): Executed 24 of 24[31m (11 FAILED)[39m (0 secs / 0.482 secs)
[1A[2KChrome Headless 146.0.0.0 (Windows 10): Executed 24 of 24[31m (11 FAILED)[39m (0.516 secs / 0.482 secs)
[31mTOTAL: 11 FAILED, 13 SUCCESS[39m
√ Browser application bundle generation complete.
√ Browser application bundle generation complete.
